I'm sorry, but errors were detected in your script. Please correct the
errors listed below, and try again.


File "game/script.rpy", line 169: expected statement.
    sf_bribe = True
             ^

File "game/script.rpy", line 182: expected statement.
    sf_threat = True
              ^

Ren'Py Version: Ren'Py 7.3.5.606
Mon May 25 05:15:50 2020
